参照稿 366 行 | 我 382 行
行级相似度 46.3%

只有参照稿有（我缺/合并了）: 193 行
   [-] Jinhao Zhu (UC Berkeley), Liana Patel (Stanford University), Matei Zaharia (UC Berkeley)
   [-] We present Compass, a semantic search system for encrypted data that achieves high accur
   [-] An increasing number of user data systems, including WhatsApp [30], iCloud Backups [10],
   [-] Security: The goal is to protect data, queries, results, and access patterns, against a 
   [tiny] Figure 1 (search-result box)
   [-] Meaning of social security numbers?
   [-] Accuracy: Most of the works mentioned above have lower accuracy compared to state-of-the
   [-] In this work, through our system Compass, we show that one can achieve the best of both 
   [-] Compass is designed for scenarios where a user wishes to privately search over their own
   [-] The few prior proposals on secure embedding search are either inefficient or have weak s
   [-] To realize our goal of high accuracy, Compass aims to execute a powerful state-of-the-ar
   [-] While the idea of combining a graph-based index with ORAM is alluring, the main challeng

只有我有（多出来/该合并）: 209 行
   [brow head] Jinhao Zhu UC Berkeley Liana Patel Stanford University
   [brow] We present Compass, a semantic search system for encrypted data that achieves high accur
   [brow] An increasing number of user data systems, including WhatsApp [30], iCloud Backups [10],
   [brow] Security: The goal is to protect data, queries, results, and access patterns, against a 
   [brow] Matei Zaharia Raluca Ada Popa
   [brow] difficult to deploy such different trust domains [26,73], and attackers can still compro
   [brow] Accuracy: Most of the works mentioned above have lower accuracy compared to state-of-the
   [brow] In this work, through our system Compass, we show that one can achieve the best of both 
   [brow] The few prior proposals on secure embedding search are either inefficient or have weak s
   [brow] To realize our goal of high accuracy, Compass aims to execute a powerful state-of-the-ar
   [brow] While the idea of combining a graph-based index with ORAM is alluring, the main challeng
   [brow] Query Embedding
   [brow] Evaluation summary: We implemented and evaluated Compass on 4 popular datasets of differ
   [brow] Query Node
